// Jest Snapshot v1, https://goo.gl/fbAQLP

exports[`Button renders correctly 1`] = `
<button
  class="aok-btn aok-btn-default"
  type="button"
>
  Demo
</button>
`;
